Changelog:
==========

**Unreleased** (modernization and audit fixes)
New:
- `UU_REPOSITORY` selects the download source, so forks install and self-update from their own repository
- one test runner (`tests/run-all.sh`), a lint script (ShellCheck, Ruff, actionlint) and a headless-browser smoke test, all run in CI with current pinned tooling
- the Web UI sends a hash-based Content Security Policy and the usual security headers
- `UU_QGA_UPDATE_TIMEOUT` (default 3600 s) bounds guest-agent package steps, user scripts and Windows updates
- `UU_ALLOW_MAJOR_UPGRADE=true` lets an unattended host update start a Proxmox VE major upgrade; by default it stops and reports it

Improved:
- checks simulate the same commands the update runs (`dist-upgrade` on the host and LXC, `--with-new-pkgs upgrade` on VMs), so held-back packages are counted
- Proxmox VE 9 / Debian 13: APT 3 output, kernel pins in the reboot check, and `LogFilterPatterns=` only where systemd supports it
- mail is sent through sendmail with explicit headers, so GNU mailutils and s-nail work; several recipients and "Name <address>" senders are accepted
- the Web UI settings writer keeps the file format the scripts read, the settings form shows what changed, schedules show their own last run, TLS certificates are reloaded after renewal, and timed-out commands stop their whole process group
- `job-runner.sh list` reads each state file once (about 3x faster with 50 jobs)
- user scripts, extras and QGA commands run from a private mktemp directory in the guest, which is removed afterwards
- self-updates keep edited `exit/*.sh` hooks and put the new default next to them as `*.dist`

Fixed:
- CLEAN_LOGFILE truncated the update log; failed steps ran twice; per-target state leaked into the next target
- snapshot rotation deleted snapshots it had not created; the Docker cleanup extra removed containers and volumes
- RPM and Arch update counts, Arch guest upgrades, FreeBSD detection over SSH, hibernated VMs (no longer resumed by a check), and unsupported guest systems are reported as such
- a failed `apt-get -s` read as "0 updates"; `EMAIL_ONLY_SECURITY` never matched; `EXIT_ON_ERROR` did not stop the run
- VMs were shut down while a guest-agent package job or Windows installation was still running; background guest shutdowns were not waited for
- Windows updates with license terms failed to install
- Internal SSH overrides were ignored for VM updates; SSH port overrides leaked to the next node
- installer: failures exited 0, uninstall removed unrelated crontab lines, archive entries were not checked, a literal glob could be installed as a file
- Web UI: concurrent schedule edits left orphaned timers, config saves could corrupt neighbouring keys, the login rate limit was bypassable, unassigned guests offered node actions that always failed
- tag filters glob-expanded tokens and could loop on huge ranges; job-state races and stale remote job references

Security/Safety:
- guest command output is no longer evaluated as host arithmetic; the internet check and pacman environment are passed as data
- remote scripts are staged and checked instead of streamed to `bash -s`; remote /tmp work directories are created exclusively
- the Web UI bounds unauthenticated connections and sessions, never falls back to plain HTTP on a Proxmox node, and error responses no longer echo file paths
- External bootstrap validates the target user, settings reject quotes and backslashes, and installer downloads are HTTPS-only

**v5.1 Beta 3** (public beta / release candidate for final validation)
New:
- central Web UI with PAM login, responsive configuration, filter previews, External management, Jobs, Logs, and running-job visibility
- session-independent systemd-run jobs for checks and updates, including shared history, locking, reload persistence, and remote-node dispatch
- QEMU Guest Agent and SSH transport support for VM checks and updates, including remote VM lifecycle handling
- configurable Proxmox backup storage selection through `BACKUP_STORAGE`; an empty value keeps automatic storage selection
- HTTPS-first Web UI operation on port 8765 with automatic Proxmox certificate use when available and HTTP fallback in auto mode
- External Linux APT and DNF support with dedicated SSH identity, non-root checks, restricted helper/sudo, local settings, and global Check/Update integration
- target-local External settings with independent `ONLY_UPDATE_CHECK`, `EXCLUDE_UPDATE_CHECK`, `ONLY`, and `EXCLUDE` filters
- deterministic golden-output regression tests and a reusable multi-hour Hardcore-Test specification, journal, and controlled stop workflow

Improved:
- cluster-wide installation and remote execution across Proxmox nodes, including offline/recovery handling and friendly target names
- separate Check/Update filters and read-only previews with `ONLY` precedence over `EXCLUDE`
- Global Update selection now includes managed External targets while applying central filters before any remote contact
- checks and updates now preserve running, stopped, and paused VM/LXC lifecycle state, including restore after failures
- concurrent jobs for the same target, and conflicting Check-All/Update-All work, are rejected safely
- normal and security update counts are calculated as separate fields; unknown values remain `Unknown` instead of becoming false zeroes
- DEBUG logging is configurable: normal output hides internal Proxmox/remote diagnostics while DEBUG mode keeps technical details available
- generic filter output consistently uses Target IDs, with clearer remote failures and one central filter summary per job
- configurable Web UI port with local CLI administration, conflict detection, atomic writes, and update/self-update preservation
- Systems inventory, node-card layout, configuration matrices, job output, zero-update summaries, and mobile presentation
- configuration migration and preservation of comments, unknown keys, user values, External legacy entries, and custom ports

Fixed:
- final non-zero status aggregation after continuing past target failures
- bounded remote cluster checks, SSH/SCP, QGA readiness, package-manager paths, and lifecycle restoration
- remote VM/LXC post-update status is imported centrally so successful refreshes do not remain stale or permanently pending
- Check never reboots a VM; reboot handling remains confined to the Update path and `REBOOT_IF_NEEDED`
- interrupted/transient job state handling and duplicate notification paths
- QEMU guest-exec exit/output handling and remote guest-ID resolution across the cluster
- stale/duplicate inventory projections, node ordering, target-preview markers, orphaned zero-update lines, repeated remote filter banners, and node-card/checkbox hit-area overlap

Security/Safety:
- recent manual External backup verification or explicit one-time owner approval is required before External updates
- Proxmox snapshot and backup are independent protections; an unsupported snapshot does not silently enable a backup fallback, and configured backup modes/storage are validated
- Check operations are read-only with respect to rebooting: a Check never reboots a VM, while `REBOOT_IF_NEEDED` is evaluated only during Update operations
- TLS 1.2 or newer is required for HTTPS Web UI connections; the HTTPS port does not accept plaintext HTTP
- authenticated, CSRF- and same-origin-protected Web UI writes with no arbitrary command/file endpoint
- External helper access remains restricted; no `NOPASSWD: ALL`, unrestricted sudo, or secret transfer

Known limitations:
- Upgrading from older installations can require a host restart because of the changed job/service infrastructure; the updater does not reboot the host automatically.
- Windows support remains prepared/experimental and deferred from the supported Beta baseline pending dedicated live validation
- automatic External backup integrations are not implemented; manual time-bound verification remains the safety mechanism

**v5.0** (11.08.2026)
- change Logo
- respect start delay from config also in check-updates
- add README to local files / add Repo in config file #270
- add option for disable daily check email notification in config file #273
- add option for disable email notification on successful run in config file #268
- add Alpine check - thx to @beer73 #276
- add Alpine check also to VM
- add Reboot VM/Container after update option in config file
- add option to send email only if security updates are available
- add backup mode in config by @Ben Olson #258
- add Kali Linux support - thx to @Richard Hollis #263
- add screenfetch also during install #253
- add hostname in mail notification subject #254
- fix timeout problem during welcome-screen by @MarvinFS #271
- fix unifi headless update - thx to @Perjan-smul #274
- fix password promt during update check
- fix uninstaller issue #241
- fix community script - thx to Christoph Stiller #257
- hide mail error
- add configurable email sender #277
- fix QEMU guest output and numeric update parsing #265
- fix VM SSH/QEMU path selection #264
- fix VM user scripts path #287
- fix update-check email output race condition #289
- fix unattended apt upgrades with modified conffiles #292
- fix GitHub merge-conflict labeler permissions

**v4.5.2** (24.08.2025)
- add EMAIL_NO_UPDATES in config file
- add Backup when Snapshot is not available #204
- fix fs-trim
- fix "error code 1" on start
- fix #188 error during helper-script update
- fix ssh connection during check
- code cleaning

**v4.5** (22.08.2025)
- add LXC debian trixie upgrade (`update -dist-upgrade`)
- "only" or "exclude" LXC/VM by ID/TAG/range #thx to @AdamSutch
- add debug mode (can be enabled in config file)
- add check-updates command `update -check`
- add email notification after update
- add better email notification for update-check
- add more symbolic
- add LXC template detection
- check "paused" VMs during update-check and bring them back in pause
- fix check for VM with ssh connection
- fix #203 Error on apt clean
- fix unsupported neofetch under trixie - change to screenfetch
- fix #201 (abbort after template detection)
- fix VM ID in error-log-file
- fix shell check
- fix typo
- code cleaning

**v4.4** (10.05.2025)
- add symbolic
- add user scripts folder
- add "error hopping option" in config file
- add LXC start delay option in config file
- add "update" command for "Proxmox VE Helper-Scripts" in extra section
- fix docker-compose v2 skipping
- fix YUM Update - used now only for centos
- fix VM shutdown errors
- FreeBSD is disabled by default - in config file
- modify "update <ID>" - disable skip output
- code cleaning

**v4.3** (23.02.2025)
- add freebsd VM (QEMU and SSH Connection)
- add non root user update in VMs
- add autoclean for debian based systems
- add filesystem trim for ext4 systems
- add curl for internet check
- add env settings for arch in config file
- add kernel kleaning (disabled by default in config file)
- fix run for only one LXC/VM with `update <ID>`
- fix ioBroker Upgrade
- fix arch upgrade
- fix START/STOP/WAITING for stopped VMs
- fix compatibility with "old" ssh connection
- fix IP output by nodes
- fix fedora autoremove
- fix missing kernel infos
- fix template detection
- fix internet check
- modify config file - checker settings now on the buttom
- modify version check - check now all branches
- code cleaning

**v4.2** (01.12.2024)
- fix VM Template error
- fix Unifi-Controller Container
- fix FreeBSD VM error
- fix docker compose
- fix node hopping without welcome screen installed
- rebuild waiting for VM start (could now be set in config file)

**v4.1** (07.04.2024)
- disable/enable Snapshots and Backups in config file
- set, how many snapshots will be keep, in config file
- delete old (Update_) snapshots
- name changing ("Proxmox Updater" is now "The Ultimate Updater for Proxmox VE")
- move program to correct folder system
- edit config file, for better usage
- update-check can now be better set (in config file)
- support Docker Compose v1 and v2
- bug fixing

**v4.0** (18.12.2023)
- fix loop through vms
- fix new docker compose command
- fix alpine issue (disable internet check for now)
- add real snapshot support before update - if your storage setup support it
- you can now choose, if neofetch will be installed during installation
- code cleaning

**v3.9** (07.11.2023)
- make backup before update (must be enabled in config by user)
- code cleaning
- check internet connection on each LXC/VM
- config file:
  - check for updates on excluded
  - include phased updates
- make snapshot from LXC/VM before update (thanks to @elbim) 

**v3.8.5** (18.06.2023)
- Skip node, if not reachable
- check internet status
- <update -up> will always use master version
- fix restore crontab, during uninstall
- fix version info

**v3.8.4** (01.04.2023)
- Speed up start in cluster mode
- Speed up installation
- Bug fixing
- Code cleaning

**v3.8** (28.03.2023)
- Add SSH Connection for VM - with extra update support
- Add "Global Extra" in config file, for disable/enable Extra Updates
- Info, if you are on beta/development version
- Add "Status/Version" Info
- Bug fixing
- Code cleaning
- Welcome Screen:
  - Ask for Welcome-Screen during install
  - Make update check during update now - not at the end
  - Fix time calculation
  - Add "reboot required"

**v3.7** (09.03.2023)
- Fixing code
- Support "only" LXC/VM
- Fix docker-compose update
- VM-Update show errors 
- Add Welcome Screen with periodic update check
- Need neofetch (will install automatic)

**v3.6** (22.02.2023)
- Add config file
- Cleaning code
- More colorful
- Fixing logging

**v3.4** (not released)
- Add VM Update
- Cleaning code
- Fixed Docker Update

**v3.3** (15.02.2023)
- Add Update Info
- Add extra Updates
- Add version check by user

**v3.1.1** (13.02.2023)
- Fixed update failure with CentOS

**v3.1** (12.02.2023)
- Add better usage
- Cleanup overall code

**v3.0** (10.02.2023)
- Implement single install url

**v2.8** (09.02.2023)
- Cleanup overall code

**v2.7.1** (06.02.2023)
- Small fixes

**v2.7** (31.01.2023)
- Add root check
- Cleanup overall code

**v2.6** (30.01.2023)
- Cleanup overall code
- Fix promt of update
- Add updating package that been kept back

**v2.5** (30.01.2023)
- Added "Headless Mode" as option with `update -3` otherwise runs in "Interactive Mode"

**v2.4** (29.01.2023)
- Visual and Name changes

**v2.3** (29.01.2023)
- Update script itself with `update -u`
